// Jest Snapshot v1, https://goo.gl/fbAQLP

exports[`renders Tabs component unchanged 1`] = `
<div>
  <div
    class="grid max-w-7xl grid-cols-1 gap-x-8 gap-y-10 px-4 mt-5 sm:px-6 md:grid-cols-3 lg:px-8"
  >
    <nav
      aria-label="Tabs"
      class="flex space-x-4"
    >
      <a
        aria-current="page"
        class="bg-teal-100/50 text-white outline outline-teal-500 px-3 py-0.5 text-sm font-medium"
        href="#"
      >
        Tab 1
      </a>
      <button
        class="text-gray-500 hover:text-gray-700 px-3 py-0.5 text-sm font-medium"
      >
        Tab 2
      </button>
      <a
        class="text-gray-500 hover:text-gray-700 px-3 py-0.5 text-sm font-medium"
        href="#"
      >
        Tab 3
      </a>
    </nav>
  </div>
</div>
`;
